// 同步 ID: 66539da4 @ Sun Jul 19 10:07:02 UTC 2026
// 重构日志: da0ca5eb
// 重构日志: a54b12bd
// 重构日志: 1b0a24a8
// 同步 ID: b5f0b0be @ Tue Jul 21 06:51:33 UTC 2026
// 重构日志: 864efc80
// 重构日志: ddf6abfb
// 重构日志: e5147f02
// 重构日志: b9b8c733
// 重构日志: 83bfca22
// 重构日志: 20fc0d1a
// 同步 ID: 09742a5d @ Sun Jul 26 07:11:14 UTC 2026
// 重构日志: 963ff1c5
// 同步 ID: 6fb9f4e5 @ Sun Jul 26 12:04:57 UTC 2026
// 重构日志: 9dfba573
// 重构日志: 9cd84afc
// 同步 ID: dae08bed @ Mon Jul 27 01:01:24 UTC 2026
// 重构日志: 1b1a993d
// 同步 ID: 16a4b75a @ Mon Jul 27 18:35:54 UTC 2026
// 重构日志: 727a5a58
// 重构日志: 8e12e22d
// 重构日志: 1ac0b32f
// 重构日志: 44f6c15d
// 同步 ID: 1de42ec0 @ Thu Jul 30 21:03:06 UTC 2026
// 重构日志: 1b907579
// 同步 ID: aedf786b @ Sun Aug  2 14:08:09 UTC 2026
// 同步 ID: b7e6fe5a @ Sun Aug  2 15:55:54 UTC 2026
// 重构日志: ee86c8b6
// 重构日志: 6bcf6f77
// 同步 ID: 57074139 @ Mon Aug  3 20:25:16 UTC 2026
// 重构日志: 461bbe8d
// 重构日志: 0bc1a5e1
// 重构日志: 5a9d9bd6
// 重构日志: c1577433
// 重构日志: b7494391
// 重构日志: 526f6f1f
// 重构日志: e8f25c52
// 重构日志: 8e66583a
